/*--------------------------------*- C++ -*----------------------------------*\
| =========                 |                                                 |
| \\      /  F ield         | OpenFOAM: The Open Source CFD Toolbox           |
|  \\    /   O peration     | Version:  2.1.0                                 |
|   \\  /    A nd           | Web:      www.OpenFOAM.org                      |
|    \\/     M anipulation  |                                                 |
\*---------------------------------------------------------------------------*/
FoamFile
{
    version     2.0;
    format      ascii;
    class       dictionary;
    object      snappyHexMeshDict;
}
// * * * * * * * * * * * * * * * * * * * * * * * * * * * * * * * * * * * * * //

// Which of the steps to run
castellatedMesh false; //true;
snap            true; //false; //true;
addLayers       false;

geometry
{
    csc.stl
    {
        type        triSurfaceMesh;
	name        culvert;
        /*regions
        {
            zone0  { name wall_culvert; }
        }*/
    }
};

castellatedMeshControls
{
    maxLocalCells 1000000;
    maxGlobalCells 4000000;
    minRefinementCells 0;
    maxLoadUnbalance 0.10;
    nCellsBetweenLevels 3;

    features
    (
     /*{
       file "deversoir.eMesh";
       level 2; //5; 
     }*/
    );

    refinementSurfaces
    {
        culvert
        {
	  level (1 2);
        }
    }

    resolveFeatureAngle 30;

    refinementRegions
    {
 
    }

    locationInMesh (0 0.8 0.5);
    allowFreeStandingZoneFaces true;
}


snapControls
{

    nSmoothPatch 3;
    tolerance 4.0;
    nSolveIter 30;
    nRelaxIter 5;
    nFeatureSnapIter 10;
}

addLayersControls
{
    relativeSizes true;

    layers
    {

    }

    expansionRatio 1.0;
    finalLayerThickness 0.3;

    minThickness 0.01; 
    nGrow 0;
    featureAngle 180;
    nRelaxIter 5;
    nSmoothSurfaceNormals 1;
    nSmoothNormals 3;
    nSmoothThickness 10;
    maxFaceThicknessRatio 0.5;
    maxThicknessToMedialRatio 0.3;
    minMedianAxisAngle 90;
    nBufferCellsNoExtrude 0;
    nLayerIter 50;
}

meshQualityControls
{

    maxNonOrtho 65;
    maxBoundarySkewness 20;
    maxInternalSkewness 4;
    maxConcave 80;
    minVol 1e-13;
    minTetQuality 1e-30;
    minArea -1;
    minTwist 0.05;
    minDeterminant 0.001;
    minFaceWeight 0.05;
    minVolRatio 0.01;
    minTriangleTwist -1;
    nSmoothScale 4;
    errorReduction 0.75;
}

// Advanced

//// Debug flags
//debugFlags
//(
//    mesh            // write intermediate meshes
//    intersections   // write current mesh intersections as .obj files
//    featureSeeds    // write information about explicit feature edge
//                    // refinement
//    attraction      // write attraction as .obj files
//    layerInfo       // write information about layers
//);
//
//// Write flags
writeFlags
(
    scalarLevels    
);


mergeTolerance 1e-6;


// ************************************************************************* //
